----------
Data Cache
----------
Mem(116) = 1.0
Mem(120) = 2.0
Mem(124) = 3.0
Mem(128) = 4.0
Mem(132) = 5.0
Mem(136) = 3.0
Mem(140) = 0.0
Mem(144) = 0.0
Mem(148) = 6.0
Mem(152) = 2.0
Mem(196) = 5050.0
-----------------
Integer Registers
-----------------
Int_Reg[0]=0
Int_Reg[1]=0
Int_Reg[2]=0
Int_Reg[3]=0
Int_Reg[4]=0
Int_Reg[5]=0
Int_Reg[6]=0
Int_Reg[7]=0
Int_Reg[8]=0
Int_Reg[9]=0
Int_Reg[10]=0
Int_Reg[11]=0
Int_Reg[12]=0
Int_Reg[13]=0
Int_Reg[14]=0
Int_Reg[15]=0
Int_Reg[16]=0
Int_Reg[17]=0
Int_Reg[18]=0
Int_Reg[19]=0
Int_Reg[20]=0
Int_Reg[21]=1
Int_Reg[22]=5050
Int_Reg[23]=101
Int_Reg[24]=0
Int_Reg[25]=0
Int_Reg[26]=0
Int_Reg[27]=0
Int_Reg[28]=0
Int_Reg[29]=0
Int_Reg[30]=0
Int_Reg[31]=0
------------------------
Floating Point Registers
------------------------
FP_Reg[0]=0.0
FP_Reg[1]=1.0
FP_Reg[2]=2.0
FP_Reg[3]=3.0
FP_Reg[4]=4.0
FP_Reg[5]=5.0
FP_Reg[6]=0.0
FP_Reg[7]=0.0
FP_Reg[8]=0.0
FP_Reg[9]=0.0
FP_Reg[10]=3.0
FP_Reg[11]=0.0
FP_Reg[12]=0.0
FP_Reg[13]=6.0
FP_Reg[14]=2.0
FP_Reg[15]=0.0
FP_Reg[16]=0.0
FP_Reg[17]=0.0
FP_Reg[18]=0.0
FP_Reg[19]=0.0
FP_Reg[20]=0.0
FP_Reg[21]=0.0
FP_Reg[22]=0.0
FP_Reg[23]=0.0
FP_Reg[24]=0.0
FP_Reg[25]=0.0
FP_Reg[26]=0.0
FP_Reg[27]=0.0
FP_Reg[28]=0.0
FP_Reg[29]=0.0
FP_Reg[30]=0.0
FP_Reg[31]=0.0

commit instructions: 1014